reclucidahand LucidaHandwriting-Italic " T1Encoding ReEncodeFont " <T1-WGL4.enc <lucidahand.ttf
reclucidahandbd LucidaHandwriting-Italic " T1Encoding ReEncodeFont " <T1-WGL4.enc <lucidahandbd.ttf
reclucidahandi LucidaHandwriting-Italic " T1Encoding ReEncodeFont " <T1-WGL4.enc <lucidahandi.ttf
reclucidahandbi LucidaHandwriting-Italic " T1Encoding ReEncodeFont " <T1-WGL4.enc <lucidahandbi.ttf
reclucidahando LucidaHandwriting-Italic " T1Encoding ReEncodeFont " <T1-WGL4.enc <lucidahand.ttf
reclucidahandbdo LucidaHandwriting-Italic " T1Encoding ReEncodeFont " <T1-WGL4.enc <lucidahandbd.ttf
recgentium Gentium " T1Encoding ReEncodeFont " <T1-WGL4.enc <gentium.ttf
recgentiumbd Gentium " T1Encoding ReEncodeFont " <T1-WGL4.enc <gentiumbd.ttf
recgentiumi Gentium-Italic " T1Encoding ReEncodeFont " <T1-WGL4.enc <gentiumi.ttf
recgentiumbi Gentium-Italic " T1Encoding ReEncodeFont " <T1-WGL4.enc <gentiumbi.ttf
recgentiumo Gentium " T1Encoding ReEncodeFont " <T1-WGL4.enc <gentium.ttf
recgentiumbdo Gentium " T1Encoding ReEncodeFont " <T1-WGL4.enc <gentiumbd.ttf
recarial ArialMT " T1Encoding ReEncodeFont " <T1-WGL4.enc <arial.ttf
recarialbd Arial-BoldMT " T1Encoding ReEncodeFont " <T1-WGL4.enc <arialbd.ttf
recariali Arial-ItalicMT " T1Encoding ReEncodeFont " <T1-WGL4.enc <ariali.ttf
recarialbi Arial-BoldItalicMT " T1Encoding ReEncodeFont " <T1-WGL4.enc <arialbi.ttf
recarialo ArialMT " T1Encoding ReEncodeFont " <T1-WGL4.enc <arial.ttf
recarialbdo Arial-BoldMT " T1Encoding ReEncodeFont " <T1-WGL4.enc <arialbd.ttf
recverdana Verdana " T1Encoding ReEncodeFont " <T1-WGL4.enc <verdana.ttf
recverdanabd Verdana-Bold " T1Encoding ReEncodeFont " <T1-WGL4.enc <verdanabd.ttf
recverdanai Verdana-Italic " T1Encoding ReEncodeFont " <T1-WGL4.enc <verdanai.ttf
recverdanabi Verdana-BoldItalic " T1Encoding ReEncodeFont " <T1-WGL4.enc <verdanabi.ttf
recverdanao Verdana " T1Encoding ReEncodeFont " <T1-WGL4.enc <verdana.ttf
recverdanabdo Verdana-Bold " T1Encoding ReEncodeFont " <T1-WGL4.enc <verdanabd.ttf
